// Jest Snapshot v1, https://goo.gl/fbAQLP

exports[`CdrInput renders correctly 1`] = `
<div
  class="cdr-label-standalone"
>
  <div
    class="cdr-label-standalone__label-wrapper"
  >
    <label
      class="cdr-label-standalone__label"
      for="renders"
    >
      Label Test 
      <!--v-if-->
    </label>
    <!--v-if-->
    <!--v-if-->
  </div>
  <div
    class="cdr-label-standalone__input-wrap cdr-label-standalone__input--spacing"
  >
    
    <div
      class="cdr-input-wrap"
    >
      <input
        autocapitalize="off"
        autocorrect="off"
        class="cdr-input cdr-input--primary cdr-input--medium"
        id="renders"
        spellcheck="false"
        type="text"
      />
      <!--v-if-->
      <!--v-if-->
    </div>
    
    <!--v-if-->
  </div>
  <!--v-if-->
  <div
    class="cdr-label-standalone__post-content"
  >
    
    
    
    
  </div>
</div>
`;

exports[`CdrInput renders error state correctly 1`] = `
<div
  class="cdr-label-standalone"
>
  <div
    class="cdr-label-standalone__label-wrapper"
  >
    <label
      class="cdr-label-standalone__label"
      for="renders"
    >
      Label Test 
      <!--v-if-->
    </label>
    <!--v-if-->
    <!--v-if-->
  </div>
  <div
    class="cdr-label-standalone__input-wrap cdr-label-standalone__input--spacing"
  >
    
    <div
      class="cdr-input-wrap"
    >
      <input
        aria-errormessage="renders-error"
        aria-invalid="true"
        autocapitalize="off"
        autocorrect="off"
        class="cdr-input cdr-input--error cdr-input--primary cdr-input--medium"
        id="renders"
        spellcheck="false"
        type="text"
      />
      <!--v-if-->
      <!--v-if-->
    </div>
    
    <!--v-if-->
  </div>
  <!--v-if-->
  <div
    class="cdr-label-standalone__post-content"
  >
    
    
    
    <div
      class="cdr-form-error"
      id="renders-error"
      role="status"
      tabindex="0"
    >
      <span
        class="cdr-form-error__icon"
      />
       
      
      Something is wrong!
      
    </div>
    
  </div>
</div>
`;

exports[`CdrInput renders number input correctly 1`] = `
<div
  class="cdr-label-standalone"
>
  <div
    class="cdr-label-standalone__label-wrapper"
  >
    <label
      class="cdr-label-standalone__label"
      for="renders"
    >
      Label Test 
      <!--v-if-->
    </label>
    <!--v-if-->
    <!--v-if-->
  </div>
  <div
    class="cdr-label-standalone__input-wrap cdr-label-standalone__input--spacing"
  >
    
    <div
      class="cdr-input-wrap"
    >
      <input
        autocapitalize="off"
        autocorrect="off"
        class="cdr-input cdr-input--primary cdr-input--medium"
        id="renders"
        inputmode="numeric"
        novalidate=""
        pattern="[0-9]*"
        spellcheck="false"
        type="number"
      />
      <!--v-if-->
      <!--v-if-->
    </div>
    
    <!--v-if-->
  </div>
  <!--v-if-->
  <div
    class="cdr-label-standalone__post-content"
  >
    
    
    
    
  </div>
</div>
`;
