// Vitest Snapshot v1

exports[`CdrTabs > mounted > mounts tabs 1`] = `
<div
  class="cdr-tabs"
  style="height: 240px;"
>
  <div
    class="cdr-tabs__gradient-container"
  >
    <div
      class="cdr-tabs__gradient cdr-tabs__gradient--left"
    />
    <nav
      class="cdr-tabs__header-container"
    >
      <div
        class="cdr-tabs__header"
        role="tablist"
      >
        
        
      </div>
    </nav>
    <div
      class="cdr-tabs__gradient cdr-tabs__gradient--right"
    />
    <div
      class="cdr-tabs__underline"
      style="transform: translateX(0px); width: 0px;"
    />
  </div>
  <div
    class="cdr-tabs__content-container"
  >
    
    
  </div>
</div>
`;
