// Jest Snapshot v1, https://goo.gl/fbAQLP

exports[`CdrContainer matches snapshot 1`] = `
<div
  class="cdr-container cdr-container--static"
>
  
  foo
  
</div>
`;
