// Jest Snapshot v1, https://goo.gl/fbAQLP

exports[`CdrBanner matches snapshot 1`] = `
<div
  class="cdr-banner cdr-banner--info"
>
  
  ðŸ¤ª hey im a banner
  
</div>
`;
