// Jest Snapshot v1, https://goo.gl/fbAQLP

exports[`CdrFormLabelStandalone matches snapshot 1`] = `
<div
  class="cdr-label-standalone"
>
  <div
    class="cdr-label-standalone__label-wrapper"
  >
    <label
      class="cdr-label-standalone__label"
      for="test"
    >
      Label Test 
      <span>
        *
      </span>
    </label>
    <br />
    <span
      class="cdr-label-standalone__helper"
      id="test-helper-text-top"
    >
      
      very helpful
      
    </span>
  </div>
  <div
    class="cdr-label-standalone__input-wrap cdr-label-standalone__input-spacing"
  >
    
    
    <!--v-if-->
  </div>
  <span
    class="cdr-label-standalone__info"
  >
    
    very informative
    
  </span>
  <div
    class="cdr-label-standalone__post-content"
  >
    
    
    
    
  </div>
</div>
`;
